Tại dòng: 2, Lỗi tại ')': Cần câu lệnh
Tại dòng: 8, Lỗi tại '/': Cần câu lệnh
Tại dòng: 14, Lỗi tại 'thì': Cần tên của lớp
Tại dòng: 14, Lỗi tại 'với': Cần tên cho hàm
Tại dòng: 14, Lỗi tại 'trống': Cần '(' sau câu lệnh 'nếu'
Tại dòng: 14, Lỗi tại 'trả': Cần '(' sau câu lệnh 'in'
Tại dòng: 14, Lỗi tại 'khi': Cần tên biến
Tại dòng: 15, Lỗi tại cuối: Cần '}' sau khối câu lệnh
